[INFO] Scanning for projects...
[INFO] 
[INFO] -----------------------< com.example:dispatcher >-----------------------
[INFO] Building dispatcher 0.0.1-SNAPSHOT
[INFO]   from pom.xml
[INFO] --------------------------------[ jar ]---------------------------------
[INFO] 
[INFO] --- resources:3.3.1:resources (default-resources) @ dispatcher ---
[INFO] Copying 1 resource from src\main\resources to target\classes
[INFO] Copying 0 resource from src\main\resources to target\classes
[INFO] 
[INFO] --- compiler:3.11.0:compile (default-compile) @ dispatcher ---
[INFO] Nothing to compile - all classes are up to date
[INFO] 
[INFO] --- resources:3.3.1:testResources (default-testResources) @ dispatcher ---
[INFO] skip non existing resourceDirectory C:\Users\Divya\Downloads\com.example.dispatcher\com.example.dispatcher\src\test\resources
[INFO] 
[INFO] --- compiler:3.11.0:testCompile (default-testCompile) @ dispatcher ---
[INFO] Nothing to compile - all classes are up to date
[INFO] 
[INFO] --- surefire:3.1.2:test (default-test) @ dispatcher ---
Downloading from central: https://repo.maven.apache.org/maven2/org/apache/maven/surefire/maven-surefire-common/3.1.2/maven-surefire-common-3.1.2.jar
Progress (1): 0.9/306 kB
Progress (1): 2.3/306 kB
Progress (1): 3.6/306 kB
Progress (1): 5.0/306 kB
Progress (1): 6.4/306 kB
Progress (1): 7.7/306 kB
Progress (1): 9.1/306 kB
Progress (1): 10/306 kB 
Progress (1): 12/306 kB
Progress (1): 12/306 kB
Progress (1): 14/306 kB
Progress (1): 15/306 kB
Progress (1): 16/306 kB
Progress (1): 18/306 kB
Progress (1): 19/306 kB
Progress (1): 21/306 kB
Progress (1): 22/306 kB
Progress (1): 23/306 kB
Progress (1): 25/306 kB
Progress (1): 26/306 kB
Progress (1): 27/306 kB
Progress (1): 29/306 kB
Progress (1): 30/306 kB
Progress (1): 31/306 kB
Progress (1): 33/306 kB
Progress (1): 34/306 kB
Progress (1): 36/306 kB
Progress (1): 37/306 kB
Progress (1): 38/306 kB
Progress (1): 40/306 kB
Progress (1): 41/306 kB
Progress (1): 42/306 kB
Progress (1): 44/306 kB
Progress (1): 45/306 kB
Progress (1): 47/306 kB
Progress (1): 48/306 kB
Progress (1): 49/306 kB
Progress (1): 51/306 kB
Progress (1): 52/306 kB
Progress (1): 53/306 kB
Progress (1): 55/306 kB
Progress (1): 59/306 kB
Progress (1): 63/306 kB
Progress (1): 67/306 kB
Progress (1): 72/306 kB
Progress (1): 76/306 kB
Progress (1): 80/306 kB
Progress (1): 84/306 kB
Progress (1): 89/306 kB
Progress (1): 93/306 kB
Progress (1): 97/306 kB
Progress (1): 101/306 kB
Progress (1): 105/306 kB
Progress (1): 110/306 kB
Progress (1): 114/306 kB
Progress (1): 118/306 kB
Progress (1): 122/306 kB
Progress (1): 127/306 kB
Progress (1): 131/306 kB
Progress (1): 135/306 kB
Progress (1): 139/306 kB
Progress (1): 143/306 kB
Progress (1): 148/306 kB
Progress (1): 152/306 kB
Progress (1): 156/306 kB
Progress (1): 160/306 kB
Progress (1): 165/306 kB
Progress (1): 169/306 kB
Progress (1): 173/306 kB
Progress (1): 177/306 kB
Progress (1): 181/306 kB
Progress (1): 186/306 kB
Progress (1): 190/306 kB
Progress (1): 194/306 kB
Progress (1): 198/306 kB
Progress (1): 203/306 kB
Progress (1): 207/306 kB
Progress (1): 211/306 kB
Progress (1): 215/306 kB
Progress (1): 219/306 kB
Progress (1): 224/306 kB
Progress (1): 240/306 kB
Progress (1): 256/306 kB
Progress (1): 273/306 kB
Progress (1): 274/306 kB
Progress (1): 291/306 kB
Progress (1): 306 kB    
                    
Downloaded from central: https://repo.maven.apache.org/maven2/org/apache/maven/surefire/maven-surefire-common/3.1.2/maven-surefire-common-3.1.2.jar (306 kB at 209 kB/s)
Downloading from central: https://repo.maven.apache.org/maven2/org/apache/maven/surefire/surefire-api/3.1.2/surefire-api-3.1.2.jar
Downloading from central: https://repo.maven.apache.org/maven2/org/apache/maven/surefire/surefire-logger-api/3.1.2/surefire-logger-api-3.1.2.jar
Downloading from central: https://repo.maven.apache.org/maven2/org/apache/maven/surefire/surefire-extensions-api/3.1.2/surefire-extensions-api-3.1.2.jar
Downloading from central: https://repo.maven.apache.org/maven2/org/apache/maven/surefire/surefire-booter/3.1.2/surefire-booter-3.1.2.jar
Downloading from central: https://repo.maven.apache.org/maven2/org/apache/maven/surefire/surefire-extensions-spi/3.1.2/surefire-extensions-spi-3.1.2.jar
Progress (1): 3.4/171 kB
Progress (1): 20/171 kB 
Progress (1): 36/171 kB
Progress (1): 53/171 kB
Progress (1): 61/171 kB
Progress (1): 77/171 kB
Progress (1): 93/171 kB
Progress (1): 97/171 kB
Progress (1): 114/171 kB
Progress (1): 130/171 kB
Progress (1): 146/171 kB
Progress (1): 163/171 kB
Progress (1): 171 kB    
                    
Downloaded from central: https://repo.maven.apache.org/maven2/org/apache/maven/surefire/surefire-api/3.1.2/surefire-api-3.1.2.jar (171 kB at 1.8 MB/s)
Downloading from central: https://repo.maven.apache.org/maven2/commons-io/commons-io/2.12.0/commons-io-2.12.0.jar
Progress (1): 7.7/474 kB
Progress (1): 12/474 kB 
Progress (1): 29/474 kB
Progress (1): 45/474 kB
Progress (1): 61/474 kB
Progress (1): 78/474 kB
Progress (1): 94/474 kB
Progress (1): 111/474 kB
Progress (1): 127/474 kB
Progress (1): 143/474 kB
Progress (1): 160/474 kB
Progress (1): 176/474 kB
Progress (1): 193/474 kB
Progress (1): 201/474 kB
Progress (1): 217/474 kB
Progress (1): 233/474 kB
Progress (1): 250/474 kB
Progress (1): 266/474 kB
Progress (1): 283/474 kB
Progress (1): 299/474 kB
Progress (1): 315/474 kB
Progress (1): 332/474 kB
Progress (1): 348/474 kB
Progress (1): 365/474 kB
Progress (1): 381/474 kB
Progress (1): 397/474 kB
Progress (1): 414/474 kB
Progress (1): 430/474 kB
Progress (1): 446/474 kB
Progress (1): 463/474 kB
Progress (2): 463/474 kB | 0.9/26 kB
Progress (2): 463/474 kB | 2.3/26 kB
Progress (2): 463/474 kB | 3.4/26 kB
Progress (2): 463/474 kB | 4.7/26 kB
Progress (3): 463/474 kB | 4.7/26 kB | 0.9/14 kB
Progress (3): 463/474 kB | 6.1/26 kB | 0.9/14 kB
Progress (3): 463/474 kB | 6.1/26 kB | 2.3/14 kB
Progress (3): 463/474 kB | 7.5/26 kB | 2.3/14 kB
Progress (3): 463/474 kB | 7.5/26 kB | 3.6/14 kB
Progress (3): 463/474 kB | 8.9/26 kB | 3.6/14 kB
Progress (3): 463/474 kB | 8.9/26 kB | 5.0/14 kB
Progress (3): 463/474 kB | 10/26 kB | 5.0/14 kB 
Progress (4): 463/474 kB | 10/26 kB | 5.0/14 kB | 0.9/8.2 kB
Progress (4): 463/474 kB | 12/26 kB | 5.0/14 kB | 0.9/8.2 kB
Progress (4): 463/474 kB | 12/26 kB | 6.4/14 kB | 0.9/8.2 kB
Progress (4): 463/474 kB | 13/26 kB | 6.4/14 kB | 0.9/8.2 kB
Progress (4): 463/474 kB | 13/26 kB | 6.4/14 kB | 2.3/8.2 kB
Progress (4): 463/474 kB | 14/26 kB | 6.4/14 kB | 2.3/8.2 kB
Progress (4): 463/474 kB | 14/26 kB | 7.7/14 kB | 2.3/8.2 kB
Progress (4): 463/474 kB | 16/26 kB | 7.7/14 kB | 2.3/8.2 kB
Progress (4): 463/474 kB | 17/26 kB | 7.7/14 kB | 2.3/8.2 kB
Progress (4): 463/474 kB | 17/26 kB | 7.7/14 kB | 3.6/8.2 kB
Progress (4): 463/474 kB | 18/26 kB | 7.7/14 kB | 3.6/8.2 kB
Progress (4): 463/474 kB | 18/26 kB | 9.1/14 kB | 3.6/8.2 kB
Progress (4): 463/474 kB | 18/26 kB | 9.1/14 kB | 5.0/8.2 kB
Progress (4): 463/474 kB | 20/26 kB | 9.1/14 kB | 5.0/8.2 kB
Progress (4): 463/474 kB | 20/26 kB | 10/14 kB | 5.0/8.2 kB 
Progress (4): 463/474 kB | 21/26 kB | 10/14 kB | 5.0/8.2 kB
Progress (5): 463/474 kB | 21/26 kB | 10/14 kB | 5.0/8.2 kB | 0.9/118 kB
Progress (5): 463/474 kB | 21/26 kB | 10/14 kB | 6.4/8.2 kB | 0.9/118 kB
Progress (5): 463/474 kB | 21/26 kB | 10/14 kB | 6.4/8.2 kB | 2.3/118 kB
Progress (5): 463/474 kB | 23/26 kB | 10/14 kB | 6.4/8.2 kB | 2.3/118 kB
Progress (5): 474 kB | 23/26 kB | 10/14 kB | 6.4/8.2 kB | 2.3/118 kB    
Progress (5): 474 kB | 23/26 kB | 12/14 kB | 6.4/8.2 kB | 2.3/118 kB
Progress (5): 474 kB | 23/26 kB | 13/14 kB | 6.4/8.2 kB | 2.3/118 kB
Progress (5): 474 kB | 24/26 kB | 13/14 kB | 6.4/8.2 kB | 2.3/118 kB
Progress (5): 474 kB | 24/26 kB | 13/14 kB | 6.4/8.2 kB | 3.6/118 kB
Progress (5): 474 kB | 24/26 kB | 13/14 kB | 7.7/8.2 kB | 3.6/118 kB
Progress (5): 474 kB | 24/26 kB | 13/14 kB | 7.7/8.2 kB | 5.0/118 kB
Progress (5): 474 kB | 25/26 kB | 13/14 kB | 7.7/8.2 kB | 5.0/118 kB
Progress (5): 474 kB | 25/26 kB | 14 kB | 7.7/8.2 kB | 5.0/118 kB   
Progress (5): 474 kB | 25/26 kB | 14 kB | 7.7/8.2 kB | 6.4/118 kB
Progress (5): 474 kB | 26 kB | 14 kB | 7.7/8.2 kB | 6.4/118 kB   
Progress (5): 474 kB | 26 kB | 14 kB | 8.2 kB | 6.4/118 kB    
Progress (5): 474 kB | 26 kB | 14 kB | 8.2 kB | 7.7/118 kB
                                                          
Downloaded from central: https://repo.maven.apache.org/maven2/commons-io/commons-io/2.12.0/commons-io-2.12.0.jar (474 kB at 2.0 MB/s)
Downloading from central: https://repo.maven.apache.org/maven2/org/apache/maven/surefire/surefire-shared-utils/3.1.2/surefire-shared-utils-3.1.2.jar
Progress (4): 26 kB | 14 kB | 8.2 kB | 9.1/118 kB
Progress (4): 26 kB | 14 kB | 8.2 kB | 10/118 kB 
Progress (4): 26 kB | 14 kB | 8.2 kB | 12/118 kB
Progress (4): 26 kB | 14 kB | 8.2 kB | 13/118 kB
Progress (4): 26 kB | 14 kB | 8.2 kB | 15/118 kB
Progress (4): 26 kB | 14 kB | 8.2 kB | 16/118 kB
                                                
Downloaded from central: https://repo.maven.apache.org/maven2/org/apache/maven/surefire/surefire-logger-api/3.1.2/surefire-logger-api-3.1.2.jar (14 kB at 55 kB/s)
Downloaded from central: https://repo.maven.apache.org/maven2/org/apache/maven/surefire/surefire-extensions-spi/3.1.2/surefire-extensions-spi-3.1.2.jar (8.2 kB at 33 kB/s)
Progress (2): 26 kB | 17/118 kB
Progress (2): 26 kB | 19/118 kB
Progress (2): 26 kB | 20/118 kB
Progress (2): 26 kB | 21/118 kB
Progress (2): 26 kB | 23/118 kB
Progress (2): 26 kB | 24/118 kB
Progress (2): 26 kB | 26/118 kB
                               
Downloaded from central: https://repo.maven.apache.org/maven2/org/apache/maven/surefire/surefire-extensions-api/3.1.2/surefire-extensions-api-3.1.2.jar (26 kB at 101 kB/s)
Progress (1): 27/118 kB
Progress (1): 28/118 kB
Progress (1): 30/118 kB
Progress (1): 31/118 kB
Progress (1): 32/118 kB
Progress (1): 34/118 kB
Progress (1): 35/118 kB
Progress (1): 36/118 kB
Progress (1): 38/118 kB
Progress (1): 39/118 kB
Progress (1): 41/118 kB
Progress (1): 42/118 kB
Progress (1): 43/118 kB
Progress (1): 45/118 kB
Progress (1): 46/118 kB
Progress (1): 47/118 kB
Progress (1): 49/118 kB
Progress (1): 50/118 kB
Progress (1): 52/118 kB
Progress (1): 53/118 kB
Progress (1): 54/118 kB
Progress (1): 56/118 kB
Progress (1): 60/118 kB
Progress (1): 64/118 kB
Progress (1): 68/118 kB
Progress (1): 73/118 kB
Progress (1): 77/118 kB
Progress (1): 81/118 kB
Progress (1): 85/118 kB
Progress (1): 89/118 kB
Progress (1): 94/118 kB
Progress (1): 98/118 kB
Progress (1): 102/118 kB
Progress (1): 106/118 kB
Progress (2): 106/118 kB | 0/2.3 MB
Progress (2): 111/118 kB | 0/2.3 MB
Progress (2): 111/118 kB | 0/2.3 MB
Progress (2): 115/118 kB | 0/2.3 MB
Progress (2): 115/118 kB | 0/2.3 MB
Progress (2): 118 kB | 0/2.3 MB    
Progress (2): 118 kB | 0/2.3 MB
Progress (2): 118 kB | 0/2.3 MB
Progress (2): 118 kB | 0/2.3 MB
Progress (2): 118 kB | 0/2.3 MB
Progress (2): 118 kB | 0/2.3 MB
Progress (2): 118 kB | 0/2.3 MB
Progress (2): 118 kB | 0/2.3 MB
Progress (2): 118 kB | 0/2.3 MB
Progress (2): 118 kB | 0/2.3 MB
Progress (2): 118 kB | 0/2.3 MB
Progress (2): 118 kB | 0/2.3 MB
Progress (2): 118 kB | 0/2.3 MB
Progress (2): 118 kB | 0/2.3 MB
Progress (2): 118 kB | 0/2.3 MB
Progress (2): 118 kB | 0/2.3 MB
Progress (2): 118 kB | 0/2.3 MB
                               
Downloaded from central: https://repo.maven.apache.org/maven2/org/apache/maven/surefire/surefire-booter/3.1.2/surefire-booter-3.1.2.jar (118 kB at 354 kB/s)
Progress (1): 0/2.3 MB
Progress (1): 0/2.3 MB
Progress (1): 0/2.3 MB
Progress (1): 0/2.3 MB
Progress (1): 0/2.3 MB
Progress (1): 0/2.3 MB
Progress (1): 0/2.3 MB
Progress (1): 0/2.3 MB
Progress (1): 0/2.3 MB
Progress (1): 0/2.3 MB
Progress (1): 0/2.3 MB
Progress (1): 0/2.3 MB
Progress (1): 0/2.3 MB
Progress (1): 0/2.3 MB
Progress (1): 0/2.3 MB
Progress (1): 0/2.3 MB
Progress (1): 0.1/2.3 MB
Progress (1): 0.1/2.3 MB
Progress (1): 0.1/2.3 MB
Progress (1): 0.1/2.3 MB
Progress (1): 0.1/2.3 MB
Progress (1): 0.1/2.3 MB
Progress (1): 0.1/2.3 MB
Progress (1): 0.1/2.3 MB
Progress (1): 0.1/2.3 MB
Progress (1): 0.1/2.3 MB
Progress (1): 0.1/2.3 MB
Progress (1): 0.1/2.3 MB
Progress (1): 0.1/2.3 MB
Progress (1): 0.1/2.3 MB
Progress (1): 0.1/2.3 MB
Progress (1): 0.1/2.3 MB
Progress (1): 0.1/2.3 MB
Progress (1): 0.1/2.3 MB
Progress (1): 0.1/2.3 MB
Progress (1): 0.1/2.3 MB
Progress (1): 0.1/2.3 MB
Progress (1): 0.1/2.3 MB
Progress (1): 0.1/2.3 MB
Progress (1): 0.1/2.3 MB
Progress (1): 0.2/2.3 MB
Progress (1): 0.2/2.3 MB
Progress (1): 0.2/2.3 MB
Progress (1): 0.2/2.3 MB
Progress (1): 0.2/2.3 MB
Progress (1): 0.2/2.3 MB
Progress (1): 0.2/2.3 MB
Progress (1): 0.2/2.3 MB
Progress (1): 0.2/2.3 MB
Progress (1): 0.2/2.3 MB
Progress (1): 0.2/2.3 MB
Progress (1): 0.2/2.3 MB
Progress (1): 0.2/2.3 MB
Progress (1): 0.2/2.3 MB
Progress (1): 0.2/2.3 MB
Progress (1): 0.2/2.3 MB
Progress (1): 0.2/2.3 MB
Progress (1): 0.3/2.3 MB
Progress (1): 0.3/2.3 MB
Progress (1): 0.3/2.3 MB
Progress (1): 0.3/2.3 MB
Progress (1): 0.3/2.3 MB
Progress (1): 0.3/2.3 MB
Progress (1): 0.4/2.3 MB
Progress (1): 0.4/2.3 MB
Progress (1): 0.4/2.3 MB
Progress (1): 0.4/2.3 MB
Progress (1): 0.4/2.3 MB
Progress (1): 0.4/2.3 MB
Progress (1): 0.5/2.3 MB
Progress (1): 0.5/2.3 MB
Progress (1): 0.5/2.3 MB
Progress (1): 0.5/2.3 MB
Progress (1): 0.5/2.3 MB
Progress (1): 0.5/2.3 MB
Progress (1): 0.6/2.3 MB
Progress (1): 0.6/2.3 MB
Progress (1): 0.6/2.3 MB
Progress (1): 0.6/2.3 MB
Progress (1): 0.6/2.3 MB
Progress (1): 0.6/2.3 MB
Progress (1): 0.7/2.3 MB
Progress (1): 0.7/2.3 MB
Progress (1): 0.7/2.3 MB
Progress (1): 0.7/2.3 MB
Progress (1): 0.7/2.3 MB
Progress (1): 0.7/2.3 MB
Progress (1): 0.7/2.3 MB
Progress (1): 0.8/2.3 MB
Progress (1): 0.8/2.3 MB
Progress (1): 0.8/2.3 MB
Progress (1): 0.8/2.3 MB
Progress (1): 0.8/2.3 MB
Progress (1): 0.8/2.3 MB
Progress (1): 0.9/2.3 MB
Progress (1): 0.9/2.3 MB
Progress (1): 0.9/2.3 MB
Progress (1): 0.9/2.3 MB
Progress (1): 0.9/2.3 MB
Progress (1): 0.9/2.3 MB
Progress (1): 1.0/2.3 MB
Progress (1): 1.0/2.3 MB
Progress (1): 1.0/2.3 MB
Progress (1): 1.0/2.3 MB
Progress (1): 1.0/2.3 MB
Progress (1): 1.0/2.3 MB
Progress (1): 1.0/2.3 MB
Progress (1): 1.1/2.3 MB
Progress (1): 1.1/2.3 MB
Progress (1): 1.1/2.3 MB
Progress (1): 1.1/2.3 MB
Progress (1): 1.1/2.3 MB
Progress (1): 1.1/2.3 MB
Progress (1): 1.2/2.3 MB
Progress (1): 1.2/2.3 MB
Progress (1): 1.2/2.3 MB
Progress (1): 1.2/2.3 MB
Progress (1): 1.2/2.3 MB
Progress (1): 1.2/2.3 MB
Progress (1): 1.3/2.3 MB
Progress (1): 1.3/2.3 MB
Progress (1): 1.3/2.3 MB
Progress (1): 1.3/2.3 MB
Progress (1): 1.3/2.3 MB
Progress (1): 1.3/2.3 MB
Progress (1): 1.4/2.3 MB
Progress (1): 1.4/2.3 MB
Progress (1): 1.4/2.3 MB
Progress (1): 1.4/2.3 MB
Progress (1): 1.4/2.3 MB
Progress (1): 1.4/2.3 MB
Progress (1): 1.5/2.3 MB
Progress (1): 1.5/2.3 MB
Progress (1): 1.5/2.3 MB
Progress (1): 1.5/2.3 MB
Progress (1): 1.5/2.3 MB
Progress (1): 1.5/2.3 MB
Progress (1): 1.6/2.3 MB
Progress (1): 1.6/2.3 MB
Progress (1): 1.6/2.3 MB
Progress (1): 1.6/2.3 MB
Progress (1): 1.6/2.3 MB
Progress (1): 1.6/2.3 MB
Progress (1): 1.7/2.3 MB
Progress (1): 1.7/2.3 MB
Progress (1): 1.7/2.3 MB
Progress (1): 1.7/2.3 MB
Progress (1): 1.7/2.3 MB
Progress (1): 1.7/2.3 MB
Progress (1): 1.7/2.3 MB
Progress (1): 1.8/2.3 MB
Progress (1): 1.8/2.3 MB
Progress (1): 1.8/2.3 MB
Progress (1): 1.8/2.3 MB
Progress (1): 1.8/2.3 MB
Progress (1): 1.8/2.3 MB
Progress (1): 1.9/2.3 MB
Progress (1): 1.9/2.3 MB
Progress (1): 1.9/2.3 MB
Progress (1): 1.9/2.3 MB
Progress (1): 1.9/2.3 MB
Progress (1): 1.9/2.3 MB
Progress (1): 2.0/2.3 MB
Progress (1): 2.0/2.3 MB
Progress (1): 2.0/2.3 MB
Progress (1): 2.0/2.3 MB
Progress (1): 2.0/2.3 MB
Progress (1): 2.0/2.3 MB
Progress (1): 2.1/2.3 MB
Progress (1): 2.1/2.3 MB
Progress (1): 2.1/2.3 MB
Progress (1): 2.1/2.3 MB
Progress (1): 2.1/2.3 MB
Progress (1): 2.1/2.3 MB
Progress (1): 2.2/2.3 MB
Progress (1): 2.2/2.3 MB
Progress (1): 2.2/2.3 MB
Progress (1): 2.2/2.3 MB
Progress (1): 2.2/2.3 MB
Progress (1): 2.2/2.3 MB
Progress (1): 2.3/2.3 MB
Progress (1): 2.3/2.3 MB
Progress (1): 2.3/2.3 MB
Progress (1): 2.3/2.3 MB
Progress (1): 2.3/2.3 MB
Progress (1): 2.3/2.3 MB
Progress (1): 2.3 MB    
                    
Downloaded from central: https://repo.maven.apache.org/maven2/org/apache/maven/surefire/surefire-shared-utils/3.1.2/surefire-shared-utils-3.1.2.jar (2.3 MB at 3.1 MB/s)
[INFO] Using auto detected provider org.apache.maven.surefire.junitplatform.JUnitPlatformProvider
Downloading from central: https://repo.maven.apache.org/maven2/org/apache/maven/surefire/surefire-junit-platform/3.1.2/surefire-junit-platform-3.1.2.pom
Progress (1): 846 B
Progress (1): 3.5 kB
Progress (1): 4.7 kB
                    
Downloaded from central: https://repo.maven.apache.org/maven2/org/apache/maven/surefire/surefire-junit-platform/3.1.2/surefire-junit-platform-3.1.2.pom (4.7 kB at 18 kB/s)
Downloading from central: https://repo.maven.apache.org/maven2/org/apache/maven/surefire/surefire-providers/3.1.2/surefire-providers-3.1.2.pom
Progress (1): 849 B
Progress (1): 2.6 kB
                    
Downloaded from central: https://repo.maven.apache.org/maven2/org/apache/maven/surefire/surefire-providers/3.1.2/surefire-providers-3.1.2.pom (2.6 kB at 31 kB/s)
Downloading from central: https://repo.maven.apache.org/maven2/org/apache/maven/surefire/common-java5/3.1.2/common-java5-3.1.2.pom
Progress (1): 849 B
Progress (1): 2.6 kB
Progress (1): 2.8 kB
                    
Downloaded from central: https://repo.maven.apache.org/maven2/org/apache/maven/surefire/common-java5/3.1.2/common-java5-3.1.2.pom (2.8 kB at 40 kB/s)
Downloading from central: https://repo.maven.apache.org/maven2/org/apache/maven/surefire/surefire-junit-platform/3.1.2/surefire-junit-platform-3.1.2.jar
Progress (1): 7.7/27 kB
Progress (1): 12/27 kB 
Progress (1): 27 kB   
                   
Downloaded from central: https://repo.maven.apache.org/maven2/org/apache/maven/surefire/surefire-junit-platform/3.1.2/surefire-junit-platform-3.1.2.jar (27 kB at 418 kB/s)
Downloading from central: https://repo.maven.apache.org/maven2/org/apache/maven/surefire/common-java5/3.1.2/common-java5-3.1.2.jar
Progress (1): 7.7/18 kB
Progress (1): 16/18 kB 
Progress (1): 18 kB   
                   
Downloaded from central: https://repo.maven.apache.org/maven2/org/apache/maven/surefire/common-java5/3.1.2/common-java5-3.1.2.jar (18 kB at 303 kB/s)
[INFO] 
[INFO] -------------------------------------------------------
[INFO]  T E S T S
[INFO] -------------------------------------------------------
[INFO] Running com.example.dispatcher.service.RideDispatchServiceTest
[ERROR] Tests run: 7, Failures: 0, Errors: 7, Skipped: 0, Time elapsed: 0.107 s <<< FAILURE! -- in com.example.dispatcher.service.RideDispatchServiceTest
[ERROR] com.example.dispatcher.service.RideDispatchServiceTest.driverCancelTriggersRedispatch -- Time elapsed: 0.038 s <<< ERROR!
java.lang.Error: 
Unresolved compilation problem: 
	The method setId(String) is undefined for the type Ride

	at com.example.dispatcher.service.RideDispatchServiceTest.driverCancelTriggersRedispatch(RideDispatchServiceTest.java:139)
	at java.base/java.lang.reflect.Method.invoke(Method.java:568)
	at java.base/java.util.ArrayList.forEach(ArrayList.java:1511)
	at java.base/java.util.ArrayList.forEach(ArrayList.java:1511)

[ERROR] com.example.dispatcher.service.RideDispatchServiceTest.shouldPreventDoubleAccept -- Time elapsed: 0.006 s <<< ERROR!
java.lang.Error: 
Unresolved compilation problem: 
	The method setId(String) is undefined for the type Ride

	at com.example.dispatcher.service.RideDispatchServiceTest.shouldPreventDoubleAccept(RideDispatchServiceTest.java:73)
	at java.base/java.lang.reflect.Method.invoke(Method.java:568)
	at java.base/java.util.ArrayList.forEach(ArrayList.java:1511)
	at java.base/java.util.ArrayList.forEach(ArrayList.java:1511)

[ERROR] com.example.dispatcher.service.RideDispatchServiceTest.shouldPingNearestOnlineDriver -- Time elapsed: 0.003 s <<< ERROR!
java.lang.Error: 
Unresolved compilation problem: 
	The method setId(String) is undefined for the type Ride

	at com.example.dispatcher.service.RideDispatchServiceTest.shouldPingNearestOnlineDriver(RideDispatchServiceTest.java:39)
	at java.base/java.lang.reflect.Method.invoke(Method.java:568)
	at java.base/java.util.ArrayList.forEach(ArrayList.java:1511)
	at java.base/java.util.ArrayList.forEach(ArrayList.java:1511)

[ERROR] com.example.dispatcher.service.RideDispatchServiceTest.riderCancelAfterAcceptReleasesDriver -- Time elapsed: 0.003 s <<< ERROR!
java.lang.Error: 
Unresolved compilation problem: 
	The method setId(String) is undefined for the type Ride

	at com.example.dispatcher.service.RideDispatchServiceTest.riderCancelAfterAcceptReleasesDriver(RideDispatchServiceTest.java:118)
	at java.base/java.lang.reflect.Method.invoke(Method.java:568)
	at java.base/java.util.ArrayList.forEach(ArrayList.java:1511)
	at java.base/java.util.ArrayList.forEach(ArrayList.java:1511)

[ERROR] com.example.dispatcher.service.RideDispatchServiceTest.shouldLockRideAfterAccept -- Time elapsed: 0.003 s <<< ERROR!
java.lang.Error: 
Unresolved compilation problem: 
	The method setId(String) is undefined for the type Ride

	at com.example.dispatcher.service.RideDispatchServiceTest.shouldLockRideAfterAccept(RideDispatchServiceTest.java:55)
	at java.base/java.lang.reflect.Method.invoke(Method.java:568)
	at java.base/java.util.ArrayList.forEach(ArrayList.java:1511)
	at java.base/java.util.ArrayList.forEach(ArrayList.java:1511)

[ERROR] com.example.dispatcher.service.RideDispatchServiceTest.shouldFailIfWrongDriverAccepts -- Time elapsed: 0.002 s <<< ERROR!
java.lang.Error: 
Unresolved compilation problem: 
	The method setId(String) is undefined for the type Ride

	at com.example.dispatcher.service.RideDispatchServiceTest.shouldFailIfWrongDriverAccepts(RideDispatchServiceTest.java:88)
	at java.base/java.lang.reflect.Method.invoke(Method.java:568)
	at java.base/java.util.ArrayList.forEach(ArrayList.java:1511)
	at java.base/java.util.ArrayList.forEach(ArrayList.java:1511)

[ERROR] com.example.dispatcher.service.RideDispatchServiceTest.riderCanCancelBeforeAccept -- Time elapsed: 0.003 s <<< ERROR!
java.lang.Error: 
Unresolved compilation problem: 
	The method setId(String) is undefined for the type Ride

	at com.example.dispatcher.service.RideDispatchServiceTest.riderCanCancelBeforeAccept(RideDispatchServiceTest.java:101)
	at java.base/java.lang.reflect.Method.invoke(Method.java:568)
	at java.base/java.util.ArrayList.forEach(ArrayList.java:1511)
	at java.base/java.util.ArrayList.forEach(ArrayList.java:1511)

[INFO] 
[INFO] Results:
[INFO] 
[ERROR] Errors: 
[ERROR]   RideDispatchServiceTest.driverCancelTriggersRedispatch:139  Unresolved compilation problem: 
	The method setId(String) is undefined for the type Ride

[ERROR]   RideDispatchServiceTest.riderCanCancelBeforeAccept:101  Unresolved compilation problem: 
	The method setId(String) is undefined for the type Ride

[ERROR]   RideDispatchServiceTest.riderCancelAfterAcceptReleasesDriver:118  Unresolved compilation problem: 
	The method setId(String) is undefined for the type Ride

[ERROR]   RideDispatchServiceTest.shouldFailIfWrongDriverAccepts:88  Unresolved compilation problem: 
	The method setId(String) is undefined for the type Ride

[ERROR]   RideDispatchServiceTest.shouldLockRideAfterAccept:55  Unresolved compilation problem: 
	The method setId(String) is undefined for the type Ride

[ERROR]   RideDispatchServiceTest.shouldPingNearestOnlineDriver:39  Unresolved compilation problem: 
	The method setId(String) is undefined for the type Ride

[ERROR]   RideDispatchServiceTest.shouldPreventDoubleAccept:73  Unresolved compilation problem: 
	The method setId(String) is undefined for the type Ride

[INFO] 
[ERROR] Tests run: 7, Failures: 0, Errors: 7, Skipped: 0
[INFO] 
[INFO] ------------------------------------------------------------------------
[INFO] BUILD FAILURE
[INFO] ------------------------------------------------------------------------
[INFO] Total time:  6.841 s
[INFO] Finished at: 2026-01-11T13:30:06+05:30
[INFO] ------------------------------------------------------------------------
[ERROR] Failed to execute goal org.apache.maven.plugins:maven-surefire-plugin:3.1.2:test (default-test) on project dispatcher: 
[ERROR] 
[ERROR] Please refer to C:\Users\Divya\Downloads\com.example.dispatcher\com.example.dispatcher\target\surefire-reports for the individual test results.
[ERROR] Please refer to dump files (if any exist) [date].dump, [date]-jvmRun[N].dump and [date].dumpstream.
[ERROR] -> [Help 1]
[ERROR] 
[ERROR] To see the full stack trace of the errors, re-run Maven with the -e switch.
[ERROR] Re-run Maven using the -X switch to enable full debug logging.
[ERROR] 
[ERROR] For more information about the errors and possible solutions, please read the following articles:
[ERROR] [Help 1] http://cwiki.apache.org/confluence/display/MAVEN/MojoFailureException
